// Jest Snapshot v1, https://goo.gl/fbAQLP

exports[`Contract Component should render Contract component 1`] = `ShallowWrapper {}`;
