// Jest Snapshot v1, https://goo.gl/fbAQLP

exports[`Form Component should render Form component 1`] = `ShallowWrapper {}`;
