// Jest Snapshot v1, https://goo.gl/fbAQLP

exports[`Contracts Component should render Contracts component 1`] = `undefined`;
